{
  "exclude_regex": "tests/.*",
  "generated_at": "2018-07-12T23:54:14Z",
  "plugins_used": [
    {
      "base64_limit": 4.5,
      "name": "Base64HighEntropyString"
    },
    {
      "hex_limit": 3,
      "name": "HexHighEntropyString"
    },
    {
      "name": "PrivateKeyDetector"
    }
  ],
  "results": {},
  "version": "0.9.1"
}
